// Jest Snapshot v1, https://goo.gl/fbAQLP

exports[`Signup component should match the snapshot 1`] = `
<div
  class="signup-container"
>
  <h1>
    Create your account
  </h1>
  <form
    class="signup-form"
  >
    <input
      id="firstname"
      name="firstname"
      placeholder="First name"
      required=""
      type="text"
      value=""
    />
    <input
      id="lastname"
      name="lastname"
      placeholder="Last name"
      required=""
      type="text"
      value=""
    />
    <input
      id="email"
      name="email"
      placeholder="Email"
      required=""
      type="text"
      value=""
    />
    <input
      id="password"
      name="password"
      placeholder="Password"
      required=""
      type="password"
      value=""
    />
    <button
      class="signup-btn"
    >
      JOIN NOW
    </button>
  </form>
</div>
`;
