// Jest Snapshot v1, https://goo.gl/fbAQLP

exports[`EventPage component should match the snapshot 1`] = `Loading Maps`;
